<?xml version="1.0" encoding="utf-8"?><testsuites><testsuite name="pytest" errors="0" failures="0" skipped="0" tests="0" time="0.047" timestamp="2022-11-12T22:43:47.486172" hostname="MacBook-Pro-de-Nicolas.local" /></testsuites>